#-----------------------------------------------------------
# Webtalk v2019.1 (64-bit)
# SW Build 2552052 on Fri May 24 14:49:42 MDT 2019
# IP Build 2548770 on Fri May 24 18:01:18 MDT 2019
# Start of session at: Mon Apr  4 08:42:22 2022
# Process ID: 18612
# Current directory: C:/Users/armin/Documents/University/Vivado/project_4/project_4.sim/sim_1/behav/xsim
# Command line: wbtcv.exe -mode batch -source C:/Users/armin/Documents/University/Vivado/project_4/project_4.sim/sim_1/behav/xsim/xsim.dir/carry_lookahead_adder_4_bit_tb_behav/webtalk/xsim_webtalk.tcl -notrace
# Log file: C:/Users/armin/Documents/University/Vivado/project_4/project_4.sim/sim_1/behav/xsim/webtalk.log
# Journal file: C:/Users/armin/Documents/University/Vivado/project_4/project_4.sim/sim_1/behav/xsim\webtalk.jou
#-----------------------------------------------------------
source C:/Users/armin/Documents/University/Vivado/project_4/project_4.sim/sim_1/behav/xsim/xsim.dir/carry_lookahead_adder_4_bit_tb_behav/webtalk/xsim_webtalk.tcl -notrace
